1234
test only
